
 Primary working directories    : /tmp/marta/molpro.k3hEUuTWnq
 Secondary working directories  : /tmp/marta/molpro.k3hEUuTWnq
 Wavefunction directory         : /home/marta/wfu/
 Main file repository           : /tmp/marta/molpro.k3hEUuTWnq/

 id        : peterkmalop

 Nodes     nprocs
 UX410U       2

 Using customized tuning parameters: mindgm=8; mindgv=16; mindgc=1; mindgr=1; noblas=0; minvec=7
 default implementation of scratch files=sf  


 Variables initialized (939), CPU time= 0.01 sec
 ***,He
 gthresh,energy=1e-14
 geometry={                                                                      ! define the nuclear coordinates
 He
 }
 
 basis=VDZ
 hf
 {ccsd
 eom,-3.1}
 Commands  initialized (796), CPU time= 0.01 sec, 646 directives.
 Default parameters read. Elapsed time= 0.06 sec

 Checking input...
 Passed
1


                                         ***  PROGRAM SYSTEM MOLPRO  ***
                                       Copyright, TTI GmbH Stuttgart, 2015
                                    Version 2020.1 linked Feb  3 2021 17:51:35


 **********************************************************************************************************************************
 LABEL *   He                                                                            
  64 bit mpp version                                                                     DATE: 24-May-21          TIME: 09:44:56  
 **********************************************************************************************************************************

 SHA1:             3cdd009424ec474e3723709db4ad88a58ed84904
 **********************************************************************************************************************************

 Memory per process:        32 MW
 Total memory per node:     64 MW

 GA preallocation disabled
 GA check disabled

 Variable memory set to 32.0 MW


 THRESHOLDS:

 ZERO    =  1.00D-12  ONEINT  =  1.00D-12  TWOINT  =  1.00D-11  PREFAC  =  1.00D-14  XXXXXX  =  1.00D-09  EORDER  =  1.00D-04
 ENERGY  =  1.00D-14  ETEST   =  0.00D+00  EDENS   =  0.00D+00  THRDEDEF=  1.00D-06  GRADIENT=  1.00D-02  STEP    =  1.00D-03
 ORBITAL =  1.00D-05  CIVEC   =  1.00D-05  COEFF   =  1.00D-04  PRINTCI =  5.00D-02  PUNCHCI =  9.90D+01  OPTGRAD =  3.00D-04
 OPTENERG=  1.00D-06  OPTSTEP =  3.00D-04  THRGRAD =  1.00D-10  COMPRESS=  1.00D-11  VARMIN  =  1.00D-07  VARMAX  =  1.00D-03
 THRDOUB =  0.00D+00  THRDIV  =  1.00D-05  THRRED  =  1.00D-07  THRPSP  =  1.00D+00  THRDC   =  1.00D-10  THRCS   =  1.00D-10
 THRNRM  =  1.00D-08  THREQ   =  0.00D+00  THRDE   =  1.00D+00  THRREF  =  1.00D-05  SPARFAC =  1.00D+00  THRDLP  =  1.00D-07
 THRDIA  =  1.00D-10  THRDLS  =  1.00D-07  THRGPS  =  0.00D+00  THRKEX  =  0.00D+00  THRDIS  =  2.00D-01  THRVAR  =  1.00D-10
 THRLOC  =  1.00D-06  THRGAP  =  1.00D-06  THRLOCT = -1.00D+00  THRGAPT = -1.00D+00  THRORB  =  1.00D-06  THRMLTP =  0.00D+00
 THRCPQCI=  1.00D-10  KEXTA   =  0.00D+00  THRCOARS=  0.00D+00  SYMTOL  =  1.00D-06  GRADTOL =  1.00D-06  THROVL  =  1.00D-08
 THRORTH =  1.00D-08  GRID    =  1.00D-06  GRIDMAX =  1.00D-03  DTMAX   =  0.00D+00  THROCCDE=  1.00D-01  THROCCDE=  1.00D-01
 THRPRINT=  2.50D-01

 SETTING BASIS          =    VDZ


 Recomputing integrals since basis changed


 Using spherical harmonics

 Library entry HE     S cc-pVDZ              selected for orbital group  1
 Library entry HE     P cc-pVDZ              selected for orbital group  1


 PROGRAM * SEWARD (Integral evaluation for generally contracted gaussian basis sets)     Author: Roland Lindh, 1990

 Geometry written to block  1 of record 700

 Orientation using atomic masses  
 Molecule type: Atom
 Symmetry elements: X,Y,Z
 Rotational constants:       0.0000000      0.0000000      0.0000000 GHz  (calculated with average atomic masses)

 Point group  D2h 



 ATOMIC COORDINATES

 NR  ATOM    CHARGE       X              Y              Z

   1  HE      2.00    0.000000000    0.000000000    0.000000000

 NUCLEAR CHARGE:                    2
 NUMBER OF PRIMITIVE AOS:           7
 NUMBER OF SYMMETRY AOS:            7
 NUMBER OF CONTRACTIONS:            5   (    2Ag  +    1B3u +    1B2u +    0B1g +    1B1u +    0B2g +    0B3g +    0Au  )
 NUMBER OF INNER CORE ORBITALS:     0   (    0Ag  +    0B3u +    0B2u +    0B1g +    0B1u +    0B2g +    0B3g +    0Au  )
 NUMBER OF OUTER CORE ORBITALS:     0   (    0Ag  +    0B3u +    0B2u +    0B1g +    0B1u +    0B2g +    0B3g +    0Au  )
 NUMBER OF VALENCE ORBITALS:        1   (    1Ag  +    0B3u +    0B2u +    0B1g +    0B1u +    0B2g +    0B3g +    0Au  )


 NUCLEAR REPULSION ENERGY    0.00000000

 Eigenvalues of metric

         1 0.111E+00 0.189E+01
         2 0.100E+01
         3 0.100E+01
         5 0.100E+01


 Contracted 2-electron integrals neglected if value below      1.0D-14
 AO integral compression algorithm  1   Integral accuracy      1.0D-14

     0.524 MB (compressed) written to integral file (100.0%)

     Node minimum: 0.262 MB, node maximum: 0.262 MB


 NUMBER OF SORTED TWO-ELECTRON INTEGRALS:          2.     BUFFER LENGTH:  32768
 NUMBER OF SEGMENTS:   1  SEGMENT LENGTH:          2      RECORD LENGTH: 524288

 Memory used in sort:       0.56 MW

 SORT1 READ          61. AND WROTE           2. INTEGRALS IN      1 RECORDS. CPU TIME:     0.00 SEC, REAL TIME:     0.01 SEC
 SORT2 READ          45. AND WROTE          45. INTEGRALS IN      2 RECORDS. CPU TIME:     0.00 SEC, REAL TIME:     0.00 SEC

 Node minimum:           2.  Node maximum:          43. integrals

 OPERATOR DM      FOR CENTER  0  COORDINATES:    0.000000    0.000000    0.000000


 **********************************************************************************************************************************
 DATASETS  * FILE   NREC   LENGTH (MB)   RECORD NAMES
              1      18       29.92       500      610      700      900      950      970     1000      129      960     1100   
                                          VAR    BASINP    GEOM    SYMINP    ZMAT    AOBASIS   BASIS     P2S    ABASIS      S 
                                         1400     1410     1200     1210     1080     1600     1650     1700   
                                           T        V       H0       H01     AOSYM     SMH    MOLCAS    OPER   

 PROGRAMS   *        TOTAL       INT
 CPU TIMES  *         0.28      0.16
 REAL TIME  *         0.33 SEC
 DISK USED  *        30.17 MB (local),       68.73 MB (total)
 GA USED    *         0.00 MB       (max)       0.00 MB       (current)
 **********************************************************************************************************************************


 PROGRAM * RHF-SCF (CLOSED SHELL)       Authors: W. Meyer, H.-J. Werner


 NUMBER OF ELECTRONS:       1+    1-
 CONVERGENCE THRESHOLDS:    1.00E-06 (Density)    1.00E-15 (Energy)
 MAX. NUMBER OF ITERATIONS:       60
 INTERPOLATION TYPE:            DIIS
 INTERPOLATION STEPS:              2 (START)      1 (STEP)
 LEVEL SHIFTS:                  0.00 (CLOSED)  0.00 (OPEN) 



 Orbital guess generated from atomic densities. Full valence occupancy:    1   0   0   0   0   0   0   0


 Molecular orbital dump at record        2100.2

 Initial occupancy:   1   0   0   0   0

 ITERATION    DDIFF          GRAD             ENERGY        2-EL.EN.            DIPOLE MOMENTS         DIIS   ORB.
    1      0.000D+00      0.000D+00        -2.85516048      2.053729    0.00000    0.00000    0.00000    0    start
    2      0.000D+00      0.118D-07        -2.85516048      2.053729    0.00000    0.00000    0.00000    0    orth

 Final occupancy:   1   0   0   0   0

 !RHF STATE  1.1 Energy                -2.855160477243
 Nuclear energy                         0.00000000
 One-electron energy                   -3.88202510
 Two-electron energy                    1.02686462
 Virial quotient                       -0.99999452
 !RHF STATE  1.1 Dipole moment          0.00000000     0.00000000     0.00000000
 Dipole moment /Debye                   0.00000000     0.00000000     0.00000000

 Orbital energies:

         1.1          2.1
     -0.914148     1.397442

         1.2
      2.524372

         1.3
      2.524372

         1.5
      2.524372


 HOMO      1.1    -0.914148 =     -24.8752eV
 LUMO      2.1     1.397442 =      38.0263eV
 LUMO-HOMO         2.311590 =      62.9016eV


 **********************************************************************************************************************************
 DATASETS  * FILE   NREC   LENGTH (MB)   RECORD NAMES
              1      18       29.92       500      610      700      900      950      970     1000      129      960     1100   
                                          VAR    BASINP    GEOM    SYMINP    ZMAT    AOBASIS   BASIS     P2S    ABASIS      S 
                                         1400     1410     1200     1210     1080     1600     1650     1700   
                                           T        V       H0       H01     AOSYM     SMH    MOLCAS    OPER   

              2       4        2.73       700     1000      520     2100   
                                         GEOM     BASIS   MCVARS     RHF  

 PROGRAMS   *        TOTAL    HF-SCF       INT
 CPU TIMES  *         0.31      0.03      0.16
 REAL TIME  *         0.38 SEC
 DISK USED  *        32.69 MB (local),       73.77 MB (total)
 SF USED    *         0.00 MB
 GA USED    *         0.00 MB       (max)       0.00 MB       (current)
 **********************************************************************************************************************************


 PROGRAM * CCSD (Closed-shell coupled cluster)     Authors: C. Hampel, H.-J. Werner, 1991, M. Deegan, P.J. Knowles, 1992


 States requested for EOM calculation: 2.1 3.1

 Convergence thresholds:  THRVAR = 1.00D-18  THRDEN = 1.00D-14

 Number of closed-shell orbitals:   1 (   1   0   0   0   0 )
 Number of external orbitals:       4 (   1   1   1   0   1 )

 Molecular orbitals read from record     2100.2  Type=RHF/CANONICAL (state 1.1)

 Number of N-1 electron functions:               1
 Number of N-2 electron functions:               1
 Number of singly external CSFs:                 1
 Number of doubly external CSFs:                 4
 Total number of CSFs:                           6

 Length of J-op  integral file:               0.00 MB
 Length of K-op  integral file:               0.00 MB
 Length of 3-ext integral record:             0.00 MB

 Integral transformation finished. Total CPU:   0.00 sec, npass=  1  Memory used:   0.07 MW

 Reference energy:                     -2.85516048

 MP2 singlet pair energy:              -0.02582834
 MP2 triplet pair energy:               0.00000000
 MP2 correlation energy:               -0.02582834
 MP2 total energy:                     -2.88098882

 SCS-MP2 correlation energy:           -0.03099401   (PS=  1.200000  PT=  0.333333)
 SCS-MP2 total energy:                 -2.88615448

 ITER.      SQ.NORM     CORR.ENERGY   TOTAL ENERGY   ENERGY CHANGE        DEN1      VAR(S)    VAR(P)  DIIS     TIME  TIME/IT
   1      1.00658016    -0.03214041    -2.88730089    -0.00631207    -0.00507080  0.32D-06  0.19D-03  1  1     0.00     0.00
   2      1.00728799    -0.03243584    -2.88759632    -0.00029543    -0.00151371  0.62D-07  0.53D-06  2  2     0.00     0.00
   3      1.00730767    -0.03243359    -2.88759407     0.00000225    -0.00002069  0.59D-09  0.59D-12  3  3     0.00     0.00
   4      1.00730820    -0.03243455    -2.88759503    -0.00000096    -0.00000100  0.16D-33  0.27D-36  4  4     0.00     0.00
   5      1.00730810    -0.03243435    -2.88759483     0.00000019     0.00000019  0.49D-43  0.11D-43  5  5     0.00     0.00
   6      1.00730810    -0.03243435    -2.88759483     0.00000000     0.00000000  0.64D-50  0.12D-49  6  6     0.01     0.00
   7      1.00730810    -0.03243435    -2.88759483     0.00000000     0.00000000  0.52D-55  0.10D-55  6  1     0.01     0.00
   8      1.00730810    -0.03243435    -2.88759483     0.00000000     0.00000000  0.20D-59  0.55D-59  6  3     0.01     0.00
   9      1.00730810    -0.03243435    -2.88759483     0.00000000    -0.00000000  0.60D-63  0.73D-62  6  2     0.01     0.00

 Norm of t1 vector:      0.00110138      S-energy:     0.00000000      T1 diagnostic:  0.00055069
                                                                       D1 diagnostic:  0.00077880

 Doubles amplitudes (print threshold =  0.500E-01):

         I         J         SYM. A    SYM. B    A         B      T(IJ, AB)

         1         1         1         1         1         1     -0.06474805


 RESULTS
 =======

  Reference energy                     -2.855160477243
  CCSD singlet pair energy             -0.032434353850
  CCSD triplet pair energy              0.000000000000
  CCSD correlation energy              -0.032434353848

 !CCSD total energy                    -2.887594831091

 Timing summary (sec):

 STEP                 CPU(USER)    SYS     CPU(TOT)    WALL
 CCSD iterations         0.01      0.01      0.02      0.02

 Program statistics:

 Available memory in ccsd:                31999995
 Min. memory needed in ccsd:                   152
 Max. memory used in ccsd:                     152
 Max. memory used in cckext:                 32887 ( 9 integral passes)

 Reset NCCKEXT to 0 because of MPP

 Starting EOM-CCSD program.     Author: T. Korona (1999)

 <F|T> is nonzero and equal to         0.0000000000


 EOM-CCSD FOR    2 EXCITED STATES OF SYMMETRY 1    STATE(S)  1  2


 Number of N-1 electron functions:               1
 Number of N-2 electron functions:               1
 Number of singly external CSFs:                 1
 Number of doubly external CSFs:                 4
 Total number of CSFs:                           6
 Maximum dimension of Davidson space was too big (  40). Change it to    5
 INISINGL ( 20) is greater than number of singles CSFs, reset it to   1
 INIDOUBL ( 10) is greater than number of doubles CSFs, reset it to   3

 Iter. Vector     |HC-EC|         E_new-E_old   Excitation energy    Total energy

   0     1      0.655453E-01      0.193662E+01     1.9366171677     -0.9509776634                        
   0     2      0.585594E-01      0.349217E+01     3.4921686465      0.6045738154                        

   1     1                       -0.117334E-02     1.9354438312     -0.9521509999  Not updated!!!        
   1     2                       -0.180247E-02     3.4903661737      0.6027713426  Not updated!!!        

  Results for state  2.1: Excitation energy         1.93544383 au       52.666 eV      424780.82 cm-1                                        

  Coefficient     Excitation
    -0.99818      1.1 ->  2.1
     0.05761      1.1 ->  2.1     1.1 ->  2.1

  Contribution of reference determinant      0.00374

  Results for state  3.1: Excitation energy         3.49036617 au       94.978 eV      766046.83 cm-1                                        

  Coefficient     Excitation
     0.99607      1.1 ->  2.1     1.1 ->  2.1
     0.05664      1.1 ->  2.1

  Contribution of reference determinant      0.06247


  Final Results:
  ==============

  State    Exc. Energy    Total Energy     Weight(S)     Weight(D)      Delta E    Conv   Max. Coef.     Excitation
   1.1     0.00000000      -2.88759483     0.120E-05     0.725E-02     0.000E+00     Y
   2.1     1.93544383      -0.95215100     0.996E+00     0.363E-02     0.194E+01     N    -0.99818      1.1 ->  2.1
   3.1     3.49036617       0.60277134     0.321E-02     0.993E+00     0.349E+01     N     0.99607      1.1 ->  2.1     1.1 ->  2.1


 **********************************************************************************************************************************
 DATASETS  * FILE   NREC   LENGTH (MB)   RECORD NAMES
              1      19       29.92       500      610      700      900      950      970     1000      129      960     1100   
                                          VAR    BASINP    GEOM    SYMINP    ZMAT    AOBASIS   BASIS     P2S    ABASIS      S 
                                         1400     1410     1200     1210     1080     1600     1650     1700     1380   
                                           T        V       H0       H01     AOSYM     SMH    MOLCAS    OPER     JKOP   

              2       4        2.73       700     1000      520     2100   
                                         GEOM     BASIS   MCVARS     RHF  

 PROGRAMS   *        TOTAL      CCSD    HF-SCF       INT
 CPU TIMES  *         0.35      0.03      0.03      0.16
 REAL TIME  *         0.42 SEC
 DISK USED  *        32.69 MB (local),       73.78 MB (total)
 SF USED    *         0.00 MB
 GA USED    *         0.00 MB       (max)       0.00 MB       (current)
 **********************************************************************************************************************************
 Molecular orbitals read from record     2100.2  Type=RHF/CANONICAL (state 1.1)
 Occupation numbers read from record     2100.2  Type=RHF/RHF (state 1.1)
 Orbital energies read from record       2100.2  Type=RHF/CANONICAL (state 1.1)
 Redundancy group numbers read from rec  2100.2  Type=RHF/RHF (state 1.1)

 CCSD/cc-pVDZ energy=      0.602771342566

            CCSD          HF-SCF
     -2.88759483     -2.85516048
 **********************************************************************************************************************************
 Molpro calculation terminated
